{
  "Data": {
    "test": {
      "type": "LINE_STRING",
      "coordinates": [
        [
          30.0,
          10.0
        ],
        [
          10.0,
          30.0
        ],
        [
          40.0,
          40.0
        ]
      ],
      "bbox": [
        10.0,
        10.0,
        40.0,
        40.0
      ],
      "crs": 4326
    }
  },
  "Errors": null,
  "Extensions": null,
  "ContextData": null
}
